<!doctype html>
<html lang="en">
  <head>
    <meta charset="utf-8">
    <meta name="viewport" content="width=device-width, initial-scale=1">
    <meta name="description" content="">
    <meta name="author" content="Mark Otto, Jacob Thornton, and Bootstrap contributors">
    <meta name="generator" content="Hugo 0.84.0">
    <title>Test Application</title>
    <link rel="canonical" href="https://getbootstrap.com/docs/5.0/examples/navbar-static/">
    <link rel=stylesheet href=https://cdn.jsdelivr.net/npm/pretty-print-json@3.0/dist/css/pretty-print-json.css>
    <link href="https://cdn.jsdelivr.net/npm/bootstrap@5.3.3/dist/css/bootstrap.min.css" rel="stylesheet">
    <meta name="theme-color" content="#7952b3">
    <style>
    .alert ul {
      margin-bottom: 0;
    }
    .mermaid{
      height: 300px;
      border: 1px solid #000;
    }
    .mermaid pre {
      display: none;
    }
    section {
      margin-bottom: 50px;
    }
    .title-badge {
      font-size: 0.3em;
      vertical-align: top;
    }
    .json {
      border: 1px solid black;
      background-color: lightgray;
      padding: 10px;
     }
    </style>
  </head>
  <body>
    <main class="container">
      <nav aria-label="breadcrumb">
        <ol class="breadcrumb">
          <li class="breadcrumb-item"><a href="./../../index.html">Application</a></li>
          <li class="breadcrumb-item"><a href="./index.html">Users</a></li>
          <li class="breadcrumb-item active" aria-current="page">User</li>
        </ol>
      </nav>
      
      <h1>User</h1>
      
      
      <section>
        <p>An user of the system</p>
        <div class="mermaid">
          <pre class="mermaidDefinition">
            classDiagram
      namespace Users {
        class _Users_User_yaml["User"]
        class CustomerProjects["CustomerProjects"]
        class RoleInProject["RoleInProject"]
        class Role["Role"]
        class _Users_CustomerProject_yaml["Customer Project"]
      }
      namespace Expenses {
        class _Expenses_Expense_yaml["Expense"]
        class _Expenses_ExpenseJournal_yaml["Expense Journal Entry"]
      }
      _Expenses_Expense_yaml ..> _Users_User_yaml :userId
      _Expenses_ExpenseJournal_yaml ..> _Users_User_yaml :userId
      _Users_User_yaml o--" N" CustomerProjects :customerProjects
      CustomerProjects ..> _Users_CustomerProject_yaml :projectId
      click _Users_User_yaml href "./User.yaml.html" "User"
      click CustomerProjects href "./User.yaml.html" "User"
      click RoleInProject href "./User.yaml.html" "User"
      click Role href "./User.yaml.html" "User"
      click _Expenses_Expense_yaml href "./../Expenses/Expense.yaml.html" "Expense"
      click _Expenses_ExpenseJournal_yaml href "./../Expenses/ExpenseJournal.yaml.html" "Expense Journal Entry"
      click _Users_CustomerProject_yaml href "./CustomerProject.yaml.html" "Customer Project"
          </pre>
        </div>
      </section>
      
      
      
      <section>
        <h2>Properties</h2>
        <table class="table">
          <thead>
            <tr>
              <th>Name</th>
              <th>Type</th>
              <th>Description</th>
            </tr>
          </thead>
          <tbody>
            <tr>
              <td>firstName*</td>
              <td>string</td>
              <td>The first name of the user</td>
            </tr>
            <tr>
              <td>lastName*</td>
              <td>string</td>
              <td>The last name of the user</td>
            </tr>
            <tr>
              <td>email*</td>
              <td>email</td>
              <td>The email of the user</td>
            </tr>
            <tr>
              <td>customerProjects</td>
              <td>[<a href="#CustomerProjects">CustomerProjects</a>]</td>
              <td></td>
            </tr>
            <tr>
              <td>role</td>
              <td>[<a href="#Role">Role</a>]</td>
              <td></td>
            </tr>
          </tbody>
        </table>
      </section>
      
      <section>
        <h2>Examples</h2>
        <pre class="json">
        {"firstName":"John","lastName":"Doe","email":"john.doe@example.com","customerProjects":[{"projectId":"1","roleInProject":["admin"]},{"projectId":"2","roleInProject":["member"]}],"role":["admin"]}
        </pre>
      </section>
      
      <section>
        <h2>Links</h2>
        <ul>
          <li><a href="./java/User.java">Java-File</a></li>
        </ul>
      </section>
      
      
      
      <h2>Subschemas</h2>
      <a id="CustomerProjects"></a><h3>CustomerProjects    (Object)</h3>
      <section>
        <p></p>
      
        <table class="table">
          <thead>
            <tr>
              <th>Name</th>
              <th>Type</th>
              <th>Description</th>
            </tr>
          </thead>
          <tbody>
            <tr>
              <td>projectId</td>
              <td>References <a href="./CustomerProject.yaml.html">Customer Project</a></td>
              <td>The id of the project</td>
            </tr>
            <tr>
              <td>roleInProject</td>
              <td>[<a href="#RoleInProject">RoleInProject</a>]</td>
              <td></td>
            </tr>
          </tbody>
        </table>
      </section>
      <a id="RoleInProject"></a><h3>RoleInProject   (Enum)  </h3>
      <section>
        <p></p>
        <table class="table">
          <thead>
            <tr>
              <th>Name</th>
              <th>Description</th>
            </tr>
          </thead>
          <tbody>
            <tr>
              <td>admin</td>
              <td>Administrator of the project</td>
            </tr>
            <tr>
              <td>member</td>
              <td>Regular member of the project</td>
            </tr>
            <tr>
              <td>leader</td>
              <td>Project-leader, can accept expenses</td>
            </tr>
          </tbody>
        </table>
      
      </section>
      <a id="Role"></a><h3>Role   (Enum)  </h3>
      <section>
        <p></p>
        <table class="table">
          <thead>
            <tr>
              <th>Name</th>
              <th>Description</th>
            </tr>
          </thead>
          <tbody>
            <tr>
              <td>admin</td>
              <td>Administrator</td>
            </tr>
            <tr>
              <td>user</td>
              <td>Regular user</td>
            </tr>
            <tr>
              <td>finance</td>
              <td>Employee in the finance department</td>
            </tr>
          </tbody>
        </table>
      
      </section>
      
    </main>
    <script src="https://cdn.jsdelivr.net/npm/svg-pan-zoom@3.5.0/dist/svg-pan-zoom.min.js"></script>
    <script src="https://cdn.jsdelivr.net/npm/bootstrap@5.3.3/dist/js/bootstrap.bundle.min.js"></script>
    <script src="https://cdn.jsdelivr.net/npm/pretty-print-json@3.0/dist/pretty-print-json.min.js"></script>
    <script type="module">
      import mermaid from 'https://cdn.jsdelivr.net/npm/mermaid@10/dist/mermaid.esm.min.mjs';

      function prettifyJson(){
        const elements = document.querySelectorAll('.json');
        for(const element of elements) {
          element.innerHTML = prettyPrintJson.toHtml(JSON.parse(element.innerText));
        }
      }

      function drawDiagrams() {
        const elements = document.querySelectorAll('.mermaid');
        elements.forEach((element, i) =>drawDiagram(element, i));
      }

      async function drawDiagram(element, i) {
        const graphDefinition = element.querySelector(".mermaidDefinition")
        const {svg} = await mermaid.render('mySvg_' + i, graphDefinition.innerText);
        const preview = createMermaidPreview(element, svg);
        const modal = createMermaidModal();
        //Do this with a slight delay to take link in mermaid diagram take precedence
        element.addEventListener('click', () => setTimeout(() => showMermaidModal(preview,modal), 30));
      }

      function createMermaidPreview(element, svg) {
        const preview = document.createElement('div');
        preview.style.height = '100%';
        preview.style.width = '100%';
        preview.innerHTML = svg.replace(/[ ]*max-width:[ 0-9\.]*px;/i , '');
        preview.querySelector("svg").style.height = '100%';
        preview.querySelector("svg").style.width = '100%';
        element.appendChild(preview);
        return preview;
      }

      function createMermaidModal() {
        const modal = document.createElement('div');
        modal.innerHTML =
            '<div class="modal" tabindex="-1">\n' +
            '  <div class="modal-dialog modal-fullscreen">\n' +
            '    <div class="modal-content">\n' +
            '      <div class="modal-header">\n' +
            '        <button type="button" class="btn-close" data-bs-dismiss="modal" aria-label="Close"></button>\n' +
            '      </div>\n' +
            '      <div class="modal-body"></div>\n' +
            '    </div>\n' +
            '  </div>\n' +
            '</div>';
        document.body.appendChild(modal);
        return modal;
      }

      function showMermaidModal(preview, modal) {
        const modalBody = modal.querySelector('.modal-body');
        modalBody.innerHTML = preview.innerHTML
        const modalDiv = modal.querySelector('.modal');
        const svg = modalBody.querySelector('svg');
        new bootstrap.Modal(modalDiv).show();
        svgPanZoom(svg, {
          zoomEnabled: true,
          controlIconsEnabled: true,
          fit: true,
          center: true
        })
      }

      mermaid.initialize({ startOnLoad: false,securityLevel: 'loose'});
      drawDiagrams();
      prettifyJson();
    </script>
  </body>
</html>
